{"timestamp":"2009-11-12 05:08:45","alt":"344.0","lat":"-43.490417","head":"41.7","declination":"0","lon":"172.530746"}
